// Jest Snapshot v1, https://goo.gl/fbAQLP

exports[`<DIDOwnership /> snapshot 1`] = `
<div
  className="item footer-item"
  onClick={[Function]}
  title="The number of and percentage of total DID the current account owns"
>
  DID owned: 
  0
   (
  0
  %)
</div>
`;
