// Jest Snapshot v1, https://goo.gl/fbAQLP

exports[`<PageTitling /> snapshot 1`] = `
<div
  className="sixteen wide column"
>
  <h2
    className="ui header"
  >
    Title
  </h2>
  <p
    style={
      Object {
        "fontSize": "1.3rem",
      }
    }
  >
    Subtitle
  </p>
</div>
`;
